../Core/Src/Bootloader_Program.c:17:6:Bootloader_UartReadData	264	static
../Core/Src/Bootloader_Program.c:53:6:Bootloader_JumpToUserAPP	24	static,ignoring_inline_asm
../Core/Src/Bootloader_Program.c:71:16:BL_u8VerifyCRC	40	static
../Core/Src/Bootloader_Program.c:95:13:voidSendACK	24	static
../Core/Src/Bootloader_Program.c:100:13:voidSendNACK	16	static
../Core/Src/Bootloader_Program.c:106:6:BL_voidHandleGetVersionCmd	32	static
../Core/Src/Bootloader_Program.c:125:6:BL_voidHandleGetHelpCmd	40	static
../Core/Src/Bootloader_Program.c:158:6:BL_voidHandleGetCIDCmd	32	static
../Core/Src/Bootloader_Program.c:177:6:BL_voidHandleGetRDPStatusCmd	32	static
../Core/Src/Bootloader_Program.c:196:6:BL_voidHandleGoToAddressCmd	40	static
../Core/Src/Bootloader_Program.c:226:16:u8ValidAddress	24	static
../Core/Src/Bootloader_Program.c:244:6:BL_voidHandleFlashEraseCmd	32	static
../Core/Src/Bootloader_Program.c:264:16:u8ExecuteFlashErase	48	static
../Core/Src/Bootloader_Program.c:310:6:BL_voidHandleMemoryWriteCmd	40	static
../Core/Src/Bootloader_Program.c:339:16:u8ExecuteMemoryWrite	40	static
../Core/Src/Bootloader_Program.c:369:6:BL_voidHandleMemoryReadCmd	296	static
../Core/Src/Bootloader_Program.c:410:6:BL_voidHandleEnableRWProtectCmd	56	static
../Core/Src/Bootloader_Program.c:465:6:BL_voidHandleDisableRWProtectCmd	56	static
../Core/Src/Bootloader_Program.c:511:6:BL_voidHandleReadSectorStatusCmd	32	static
