../Core/Src/LedEffect.c:12:6:LedEffectStop	24	static
../Core/Src/LedEffect.c:21:6:LedEffectStart	32	static
../Core/Src/LedEffect.c:27:6:LedEffectAction1	16	static
../Core/Src/LedEffect.c:36:6:LedEffectAction2	8	static
../Core/Src/LedEffect.c:50:6:LedEffectAction3	8	static
../Core/Src/LedEffect.c:59:6:LedEffectAction4	8	static
../Core/Src/LedEffect.c:68:6:LedControl	24	static
../Core/Src/LedEffect.c:77:6:TurnOnEvenLed	8	static
../Core/Src/LedEffect.c:85:6:TurnOnOddLed	8	static
../Core/Src/LedEffect.c:94:6:LedEffectCallBackFun	24	static
